KOVYL [SemanticAnalyzer] INFO: SemanticAnalyzerVisitor initialized
KOVYL [SemanticAnalyzer] INFO: visiting BlockStatement
KOVYL [SemanticAnalyzer] INFO: visiting DeclarationStatement
KOVYL [SemanticAnalyzer] INFO: Expected context type is set as: uint64
KOVYL [SemanticAnalyzer] INFO: visiting NumberExpression
KOVYL [SemanticAnalyzer] INFO: Return type is set as: uint64
KOVYL [SemanticAnalyzer] INFO: exiting NumberExpression
KOVYL [SemanticAnalyzer] INFO: Expected context type revert to: undefined
KOVYL [SemanticAnalyzer] INFO: checking symbol existence in current scope: id -> false
KOVYL [SemanticAnalyzer] INFO: Symbol created: id of type uint64 at the depth of the scope: 0
KOVYL [SemanticAnalyzer] INFO: exiting DeclarationStatement
KOVYL [SemanticAnalyzer] INFO: visiting FuncStatement
KOVYL [SemanticAnalyzer] INFO: Checking that all paths in the function 'registerPanic' block end with the return expression
KOVYL [SemanticAnalyzer] INFO: ...true
KOVYL [SemanticAnalyzer] INFO: Checking function overloads...
KOVYL [SemanticAnalyzer] INFO: checking symbol existence: registerPanic -> false
KOVYL [SemanticAnalyzer] INFO: New function type is set as: (char[64]) -> char@
KOVYL [SemanticAnalyzer] INFO: Public symbol created: registerPanic of type (char[64]) -> char@ at the depth of the scope: 0
KOVYL [SemanticAnalyzer] INFO: Scope pushed (0 -> 1)
KOVYL [SemanticAnalyzer] INFO: Symbol created: name of type char[64] at the depth of the scope: 1
KOVYL [SemanticAnalyzer] INFO: visiting BlockStatement
KOVYL [SemanticAnalyzer] INFO: visiting ClosureStatement
KOVYL [SemanticAnalyzer] INFO: checking function level -> 1
KOVYL [SemanticAnalyzer] INFO: closing symbol id...
KOVYL [SemanticAnalyzer] INFO: checking symbol existence: id -> true
KOVYL [SemanticAnalyzer] INFO: got symbol: id of type uint64 at the depth of the scope: 0 (current: 1)
KOVYL [SemanticAnalyzer] INFO: symbol id added to function registerPanic closures
KOVYL [SemanticAnalyzer] INFO: exiting ClosureStatement
KOVYL [SemanticAnalyzer] INFO: visiting AssignmentStatement
KOVYL [SemanticAnalyzer] INFO: visiting IdentifierExpression
KOVYL [SemanticAnalyzer] INFO: checking symbol existence: id -> true
KOVYL [SemanticAnalyzer] INFO: got symbol: id of type uint64 at the depth of the scope: 0 (current: 1)
KOVYL [SemanticAnalyzer] INFO: Return type is set as: uint64
KOVYL [SemanticAnalyzer] INFO: exiting IdentifierExpression
KOVYL [SemanticAnalyzer] INFO: Expected context type is set as: uint64
KOVYL [SemanticAnalyzer] INFO: visiting BinaryExpression
KOVYL [SemanticAnalyzer] INFO: attempt to coerce types
KOVYL [SemanticAnalyzer] INFO: Expected context type is set as: uint64
KOVYL [SemanticAnalyzer] INFO: visiting IdentifierExpression
KOVYL [SemanticAnalyzer] INFO: checking symbol existence: id -> true
KOVYL [SemanticAnalyzer] INFO: got symbol: id of type uint64 at the depth of the scope: 0 (current: 1)
KOVYL [SemanticAnalyzer] INFO: Return type is set as: uint64
KOVYL [SemanticAnalyzer] INFO: exiting IdentifierExpression
KOVYL [SemanticAnalyzer] INFO: Expected context type revert to: uint64
KOVYL [SemanticAnalyzer] INFO: Expected context type is set as: uint64
KOVYL [SemanticAnalyzer] INFO: visiting NumberExpression
KOVYL [SemanticAnalyzer] INFO: Return type is set as: uint64
KOVYL [SemanticAnalyzer] INFO: exiting NumberExpression
KOVYL [SemanticAnalyzer] INFO: Expected context type revert to: uint64
KOVYL [SemanticAnalyzer] INFO: Return type is set as: uint64
KOVYL [SemanticAnalyzer] INFO: exiting BinaryExpression
KOVYL [SemanticAnalyzer] INFO: Expected context type revert to: undefined
KOVYL [SemanticAnalyzer] INFO: exiting AssignmentStatement
KOVYL [SemanticAnalyzer] INFO: visiting ReturnStatement
KOVYL [SemanticAnalyzer] INFO: Checking func level -> 1
KOVYL [SemanticAnalyzer] INFO: Expected context type is set as: char@
KOVYL [SemanticAnalyzer] INFO: visiting SpecialExpression
KOVYL [SemanticAnalyzer] INFO: Semantic analysis of skFmt special
KOVYL [SemanticAnalyzer] INFO: Expected context type is set as: char[]
KOVYL [SemanticAnalyzer] INFO: visiting ArrayExpression
KOVYL [SemanticAnalyzer] INFO: Expected context type is set as: undefined
KOVYL [SemanticAnalyzer] INFO: Expected context type revert to: char[]
KOVYL [SemanticAnalyzer] INFO: type was derived from the array elements as char
KOVYL [SemanticAnalyzer] INFO: visiting ArrayExpression values...
KOVYL [SemanticAnalyzer] INFO: Expected context type is set as: char
KOVYL [SemanticAnalyzer] INFO: Expected context type revert to: char[]
KOVYL [SemanticAnalyzer] INFO: Expected context type is set as: char
KOVYL [SemanticAnalyzer] INFO: Expected context type revert to: char[]
KOVYL [SemanticAnalyzer] INFO: Expected context type is set as: char
KOVYL [SemanticAnalyzer] INFO: Expected context type revert to: char[]
KOVYL [SemanticAnalyzer] INFO: Expected context type is set as: char
KOVYL [SemanticAnalyzer] INFO: Expected context type revert to: char[]
KOVYL [SemanticAnalyzer] INFO: Expected context type is set as: char
KOVYL [SemanticAnalyzer] INFO: Expected context type revert to: char[]
KOVYL [SemanticAnalyzer] INFO: Expected context type is set as: char
KOVYL [SemanticAnalyzer] INFO: Expected context type revert to: char[]
KOVYL [SemanticAnalyzer] INFO: Expected context type is set as: char
KOVYL [SemanticAnalyzer] INFO: Expected context type revert to: char[]
KOVYL [SemanticAnalyzer] INFO: Expected context type is set as: char
KOVYL [SemanticAnalyzer] INFO: Expected context type revert to: char[]
KOVYL [SemanticAnalyzer] INFO: Expected context type is set as: char
KOVYL [SemanticAnalyzer] INFO: Expected context type revert to: char[]
KOVYL [SemanticAnalyzer] INFO: Expected context type is set as: char
KOVYL [SemanticAnalyzer] INFO: Expected context type revert to: char[]
KOVYL [SemanticAnalyzer] INFO: Expected context type is set as: char
KOVYL [SemanticAnalyzer] INFO: Expected context type revert to: char[]
KOVYL [SemanticAnalyzer] INFO: Expected context type is set as: char
KOVYL [SemanticAnalyzer] INFO: Expected context type revert to: char[]
KOVYL [SemanticAnalyzer] INFO: Return type is set as: char[12]
KOVYL [SemanticAnalyzer] INFO: exiting ArrayExpression
KOVYL [SemanticAnalyzer] INFO: Expected context type revert to: char@
KOVYL [SemanticAnalyzer] INFO: Expected context type is set as: char[]
KOVYL [SemanticAnalyzer] INFO: visiting IdentifierExpression
KOVYL [SemanticAnalyzer] INFO: checking symbol existence: name -> true
KOVYL [SemanticAnalyzer] INFO: got symbol: name of type char[64] at the depth of the scope: 1 (current: 1)
KOVYL [SemanticAnalyzer] INFO: Return type is set as: char[64]
KOVYL [SemanticAnalyzer] INFO: exiting IdentifierExpression
KOVYL [SemanticAnalyzer] INFO: Expected context type revert to: char@
KOVYL [SemanticAnalyzer] INFO: Expected context type is set as: char[]
KOVYL [SemanticAnalyzer] INFO: visiting ArrayExpression
KOVYL [SemanticAnalyzer] INFO: Expected context type is set as: undefined
KOVYL [SemanticAnalyzer] INFO: Expected context type revert to: char[]
KOVYL [SemanticAnalyzer] INFO: type was derived from the array elements as char
KOVYL [SemanticAnalyzer] INFO: visiting ArrayExpression values...
KOVYL [SemanticAnalyzer] INFO: Expected context type is set as: char
KOVYL [SemanticAnalyzer] INFO: Expected context type revert to: char[]
KOVYL [SemanticAnalyzer] INFO: Expected context type is set as: char
KOVYL [SemanticAnalyzer] INFO: Expected context type revert to: char[]
KOVYL [SemanticAnalyzer] INFO: Expected context type is set as: char
KOVYL [SemanticAnalyzer] INFO: Expected context type revert to: char[]
KOVYL [SemanticAnalyzer] INFO: Expected context type is set as: char
KOVYL [SemanticAnalyzer] INFO: Expected context type revert to: char[]
KOVYL [SemanticAnalyzer] INFO: Expected context type is set as: char
KOVYL [SemanticAnalyzer] INFO: Expected context type revert to: char[]
KOVYL [SemanticAnalyzer] INFO: Return type is set as: char[5]
KOVYL [SemanticAnalyzer] INFO: exiting ArrayExpression
KOVYL [SemanticAnalyzer] INFO: Expected context type revert to: char@
KOVYL [SemanticAnalyzer] INFO: Expected context type is set as: char[]
KOVYL [SemanticAnalyzer] INFO: visiting BinaryExpression
KOVYL [SemanticAnalyzer] INFO: attempt to coerce types
KOVYL [SemanticAnalyzer] INFO: Expected context type is set as: char[]
KOVYL [SemanticAnalyzer] INFO: visiting IdentifierExpression
KOVYL [SemanticAnalyzer] INFO: checking symbol existence: id -> true
KOVYL [SemanticAnalyzer] INFO: got symbol: id of type uint64 at the depth of the scope: 0 (current: 1)
KOVYL [SemanticAnalyzer] INFO: Return type is set as: uint64
KOVYL [SemanticAnalyzer] INFO: exiting IdentifierExpression
KOVYL [SemanticAnalyzer] INFO: Expected context type revert to: char[]
KOVYL [SemanticAnalyzer] INFO: Expected context type is set as: uint64
KOVYL [SemanticAnalyzer] INFO: visiting NumberExpression
KOVYL [SemanticAnalyzer] INFO: Return type is set as: uint64
KOVYL [SemanticAnalyzer] INFO: exiting NumberExpression
KOVYL [SemanticAnalyzer] INFO: Expected context type revert to: char[]
KOVYL [SemanticAnalyzer] INFO: Return type is set as: uint64
KOVYL [SemanticAnalyzer] INFO: exiting BinaryExpression
KOVYL [SemanticAnalyzer] INFO: Expected context type revert to: char@
KOVYL [SemanticAnalyzer] INFO: Expected context type is set as: char[]
KOVYL [SemanticAnalyzer] INFO: visiting ArrayExpression
KOVYL [SemanticAnalyzer] INFO: Expected context type is set as: undefined
KOVYL [SemanticAnalyzer] INFO: Expected context type revert to: char[]
KOVYL [SemanticAnalyzer] INFO: type was derived from the array elements as char
KOVYL [SemanticAnalyzer] INFO: visiting ArrayExpression values...
KOVYL [SemanticAnalyzer] INFO: Expected context type is set as: char
KOVYL [SemanticAnalyzer] INFO: Expected context type revert to: char[]
KOVYL [SemanticAnalyzer] INFO: Expected context type is set as: char
KOVYL [SemanticAnalyzer] INFO: Expected context type revert to: char[]
KOVYL [SemanticAnalyzer] INFO: Return type is set as: char[2]
KOVYL [SemanticAnalyzer] INFO: exiting ArrayExpression
KOVYL [SemanticAnalyzer] INFO: Expected context type revert to: char@
KOVYL [SemanticAnalyzer] INFO: checking if argument exists with key: sep...
KOVYL [SemanticAnalyzer] INFO: argument does not exist with key: sep
KOVYL [SemanticAnalyzer] INFO: checking if argument exists with key: repr...
KOVYL [SemanticAnalyzer] INFO: argument does not exist with key: repr
KOVYL [SemanticAnalyzer] INFO: Return type is set as: char@
KOVYL [SemanticAnalyzer] INFO: exiting SpecialExpression
KOVYL [SemanticAnalyzer] INFO: Expected context type revert to: undefined
KOVYL [SemanticAnalyzer] INFO: exiting ReturnStatement
KOVYL [SemanticAnalyzer] INFO: exiting BlockStatement
KOVYL [SemanticAnalyzer] INFO: Symbol removed: name
KOVYL [SemanticAnalyzer] INFO: Scope popped (1 -> 0)
KOVYL [SemanticAnalyzer] INFO: exiting FuncStatement
KOVYL [SemanticAnalyzer] INFO: visiting FormStatement
KOVYL [SemanticAnalyzer] INFO: finding form overloads...
KOVYL [SemanticAnalyzer] INFO: not found
KOVYL [SemanticAnalyzer] INFO: pop was added or overloaded to the form table
KOVYL [SemanticAnalyzer] INFO: visiting FuncStatement
KOVYL [SemanticAnalyzer] INFO: Checking that all paths in the function 'pop' block end with the return expression
KOVYL [SemanticAnalyzer] INFO: ...true
KOVYL [SemanticAnalyzer] INFO: Checking function overloads...
KOVYL [SemanticAnalyzer] INFO: checking symbol existence: pop -> false
KOVYL [SemanticAnalyzer] INFO: New function type is set as: (char@) -> T
KOVYL [SemanticAnalyzer] INFO: Symbol created: pop of type (char@) -> T at the depth of the scope: 0
KOVYL [SemanticAnalyzer] INFO: Scope pushed (0 -> 1)
KOVYL [SemanticAnalyzer] INFO: Symbol created: vec of type char@ at the depth of the scope: 1
KOVYL [SemanticAnalyzer] INFO: visiting BlockStatement
KOVYL [SemanticAnalyzer] INFO: visiting DeclarationStatement
KOVYL [SemanticAnalyzer] INFO: Expected context type is set as: int64
KOVYL [SemanticAnalyzer] INFO: visiting SpecialExpression
KOVYL [SemanticAnalyzer] INFO: Semantic analysis of skLen special
KOVYL [SemanticAnalyzer] INFO: checking for unexpected arguments in special
KOVYL [SemanticAnalyzer] INFO: getting argument with key: 0...
KOVYL [SemanticAnalyzer] INFO: argument found for key: 0
KOVYL [SemanticAnalyzer] INFO: visiting IdentifierExpression
KOVYL [SemanticAnalyzer] INFO: checking symbol existence: vec -> true
KOVYL [SemanticAnalyzer] INFO: got symbol: vec of type char@ at the depth of the scope: 1 (current: 1)
KOVYL [SemanticAnalyzer] INFO: Return type is set as: char@
KOVYL [SemanticAnalyzer] INFO: exiting IdentifierExpression
KOVYL [SemanticAnalyzer] INFO: expecting argument with key: 0 and types: T@ | T[]...
KOVYL [SemanticAnalyzer] INFO: getting argument with key: 0...
KOVYL [SemanticAnalyzer] INFO: argument found for key: 0
KOVYL [SemanticAnalyzer] INFO: argument '0' has correct type: char@
KOVYL [SemanticAnalyzer] INFO: Return type is set as: int64
KOVYL [SemanticAnalyzer] INFO: exiting SpecialExpression
KOVYL [SemanticAnalyzer] INFO: Expected context type revert to: undefined
KOVYL [SemanticAnalyzer] INFO: checking symbol existence in current scope: size -> false
KOVYL [SemanticAnalyzer] INFO: Symbol created: size of type int64 at the depth of the scope: 1
KOVYL [SemanticAnalyzer] INFO: exiting DeclarationStatement
KOVYL [SemanticAnalyzer] INFO: visiting BranchingStatement
KOVYL [SemanticAnalyzer] INFO: Scope pushed (1 -> 2)
KOVYL [SemanticAnalyzer] INFO: Expected context type is set as: bool
KOVYL [SemanticAnalyzer] INFO: visiting BinaryExpression
KOVYL [SemanticAnalyzer] INFO: attempt to coerce types
KOVYL [SemanticAnalyzer] INFO: Expected context type is set as: bool
KOVYL [SemanticAnalyzer] INFO: visiting IdentifierExpression
KOVYL [SemanticAnalyzer] INFO: checking symbol existence: size -> true
KOVYL [SemanticAnalyzer] INFO: got symbol: size of type int64 at the depth of the scope: 1 (current: 2)
KOVYL [SemanticAnalyzer] INFO: Return type is set as: int64
KOVYL [SemanticAnalyzer] INFO: exiting IdentifierExpression
KOVYL [SemanticAnalyzer] INFO: Expected context type revert to: bool
KOVYL [SemanticAnalyzer] INFO: Expected context type is set as: int64
KOVYL [SemanticAnalyzer] INFO: visiting NumberExpression
KOVYL [SemanticAnalyzer] INFO: Return type is set as: int64
KOVYL [SemanticAnalyzer] INFO: exiting NumberExpression
KOVYL [SemanticAnalyzer] INFO: Expected context type revert to: bool
KOVYL [SemanticAnalyzer] INFO: Return type is set as: bool
KOVYL [SemanticAnalyzer] INFO: exiting BinaryExpression
KOVYL [SemanticAnalyzer] INFO: Expected context type revert to: undefined
KOVYL [SemanticAnalyzer] INFO: visiting BlockStatement
KOVYL [SemanticAnalyzer] INFO: visiting SpecialStatement
KOVYL [SemanticAnalyzer] INFO: Semantic analysis of skPanic special
KOVYL [SemanticAnalyzer] INFO: checking for unexpected arguments in special
KOVYL [SemanticAnalyzer] INFO: getting argument with key: 0...
KOVYL [SemanticAnalyzer] INFO: argument found for key: 0
KOVYL [SemanticAnalyzer] INFO: getting argument with key: 1...
KOVYL [SemanticAnalyzer] INFO: argument found for key: 1
KOVYL [SemanticAnalyzer] INFO: Expected context type is set as: char[]
KOVYL [SemanticAnalyzer] INFO: visiting ArrayExpression
KOVYL [SemanticAnalyzer] INFO: Expected context type is set as: undefined
KOVYL [SemanticAnalyzer] INFO: Expected context type revert to: char[]
KOVYL [SemanticAnalyzer] INFO: type was derived from the array elements as char
KOVYL [SemanticAnalyzer] INFO: visiting ArrayExpression values...
KOVYL [SemanticAnalyzer] INFO: Expected context type is set as: char
KOVYL [SemanticAnalyzer] INFO: Expected context type revert to: char[]
KOVYL [SemanticAnalyzer] INFO: Expected context type is set as: char
KOVYL [SemanticAnalyzer] INFO: Expected context type revert to: char[]
KOVYL [SemanticAnalyzer] INFO: Expected context type is set as: char
KOVYL [SemanticAnalyzer] INFO: Expected context type revert to: char[]
KOVYL [SemanticAnalyzer] INFO: Expected context type is set as: char
KOVYL [SemanticAnalyzer] INFO: Expected context type revert to: char[]
KOVYL [SemanticAnalyzer] INFO: Expected context type is set as: char
KOVYL [SemanticAnalyzer] INFO: Expected context type revert to: char[]
KOVYL [SemanticAnalyzer] INFO: Expected context type is set as: char
KOVYL [SemanticAnalyzer] INFO: Expected context type revert to: char[]
KOVYL [SemanticAnalyzer] INFO: Expected context type is set as: char
KOVYL [SemanticAnalyzer] INFO: Expected context type revert to: char[]
KOVYL [SemanticAnalyzer] INFO: Expected context type is set as: char
KOVYL [SemanticAnalyzer] INFO: Expected context type revert to: char[]
KOVYL [SemanticAnalyzer] INFO: Expected context type is set as: char
KOVYL [SemanticAnalyzer] INFO: Expected context type revert to: char[]
KOVYL [SemanticAnalyzer] INFO: Expected context type is set as: char
KOVYL [SemanticAnalyzer] INFO: Expected context type revert to: char[]
KOVYL [SemanticAnalyzer] INFO: Expected context type is set as: char
KOVYL [SemanticAnalyzer] INFO: Expected context type revert to: char[]
KOVYL [SemanticAnalyzer] INFO: Expected context type is set as: char
KOVYL [SemanticAnalyzer] INFO: Expected context type revert to: char[]
KOVYL [SemanticAnalyzer] INFO: Return type is set as: char[12]
KOVYL [SemanticAnalyzer] INFO: exiting ArrayExpression
KOVYL [SemanticAnalyzer] INFO: Expected context type revert to: undefined
KOVYL [SemanticAnalyzer] INFO: expecting argument with key: 0 and types: char[] | char@...
KOVYL [SemanticAnalyzer] INFO: getting argument with key: 0...
KOVYL [SemanticAnalyzer] INFO: argument found for key: 0
KOVYL [SemanticAnalyzer] INFO: argument '0' has correct type: char[12]
KOVYL [SemanticAnalyzer] INFO: Expected context type is set as: char[]
KOVYL [SemanticAnalyzer] INFO: visiting ArrayExpression
KOVYL [SemanticAnalyzer] INFO: Expected context type is set as: undefined
KOVYL [SemanticAnalyzer] INFO: Expected context type revert to: char[]
KOVYL [SemanticAnalyzer] INFO: type was derived from the array elements as char
KOVYL [SemanticAnalyzer] INFO: visiting ArrayExpression values...
KOVYL [SemanticAnalyzer] INFO: Expected context type is set as: char
KOVYL [SemanticAnalyzer] INFO: Expected context type revert to: char[]
KOVYL [SemanticAnalyzer] INFO: Return type is set as: char[1]
KOVYL [SemanticAnalyzer] INFO: exiting ArrayExpression
KOVYL [SemanticAnalyzer] INFO: Expected context type revert to: undefined
KOVYL [SemanticAnalyzer] INFO: expecting argument with key: 1 and types: char[] | char@...
KOVYL [SemanticAnalyzer] INFO: getting argument with key: 1...
KOVYL [SemanticAnalyzer] INFO: argument found for key: 1
KOVYL [SemanticAnalyzer] INFO: argument '1' has correct type: char[1]
KOVYL [SemanticAnalyzer] INFO: exiting SpecialStatement
KOVYL [SemanticAnalyzer] INFO: exiting BlockStatement
KOVYL [SemanticAnalyzer] INFO: Scope popped (2 -> 1)
KOVYL [SemanticAnalyzer] INFO: exiting BranchingStatement
KOVYL [SemanticAnalyzer] INFO: visiting DeclarationStatement
KOVYL [SemanticAnalyzer] INFO: Expected context type is set as: T
KOVYL [SemanticAnalyzer] INFO: visiting IndexExpression
KOVYL [SemanticAnalyzer] INFO: Expected context type is set as: char[]
KOVYL [SemanticAnalyzer] INFO: visiting IdentifierExpression
KOVYL [SemanticAnalyzer] INFO: checking symbol existence: vec -> true
KOVYL [SemanticAnalyzer] INFO: got symbol: vec of type char@ at the depth of the scope: 1 (current: 1)
KOVYL [SemanticAnalyzer] INFO: Return type is set as: char@
KOVYL [SemanticAnalyzer] INFO: exiting IdentifierExpression
KOVYL [SemanticAnalyzer] INFO: Expected context type revert to: T
KOVYL [SemanticAnalyzer] INFO: visiting IdentifierExpression
KOVYL [SemanticAnalyzer] INFO: checking symbol existence: size -> true
KOVYL [SemanticAnalyzer] INFO: got symbol: size of type int64 at the depth of the scope: 1 (current: 1)
KOVYL [SemanticAnalyzer] INFO: Return type is set as: int64
KOVYL [SemanticAnalyzer] INFO: exiting IdentifierExpression
KOVYL [SemanticAnalyzer] INFO: Return type is set as: char
KOVYL [SemanticAnalyzer] INFO: exiting IndexExpression
KOVYL [SemanticAnalyzer] INFO: Expected context type revert to: undefined
KOVYL [SemanticAnalyzer] INFO: checking symbol existence in current scope: result -> false
KOVYL [SemanticAnalyzer] INFO: Symbol created: result of type char at the depth of the scope: 1
KOVYL [SemanticAnalyzer] INFO: exiting DeclarationStatement
KOVYL [SemanticAnalyzer] INFO: visiting SpecialStatement
KOVYL [SemanticAnalyzer] INFO: Semantic analysis of skResize special
KOVYL [SemanticAnalyzer] INFO: checking for unexpected arguments in special
KOVYL [SemanticAnalyzer] INFO: getting argument with key: 0...
KOVYL [SemanticAnalyzer] INFO: argument found for key: 0
KOVYL [SemanticAnalyzer] INFO: getting argument with key: 1...
KOVYL [SemanticAnalyzer] INFO: argument found for key: 1
KOVYL [SemanticAnalyzer] INFO: visiting IdentifierExpression
KOVYL [SemanticAnalyzer] INFO: checking symbol existence: vec -> true
KOVYL [SemanticAnalyzer] INFO: got symbol: vec of type char@ at the depth of the scope: 1 (current: 1)
KOVYL [SemanticAnalyzer] INFO: Return type is set as: char@
KOVYL [SemanticAnalyzer] INFO: exiting IdentifierExpression
KOVYL [SemanticAnalyzer] INFO: visiting BinaryExpression
KOVYL [SemanticAnalyzer] INFO: attempt to coerce types
KOVYL [SemanticAnalyzer] INFO: Expected context type is set as: undefined
KOVYL [SemanticAnalyzer] INFO: visiting IdentifierExpression
KOVYL [SemanticAnalyzer] INFO: checking symbol existence: size -> true
KOVYL [SemanticAnalyzer] INFO: got symbol: size of type int64 at the depth of the scope: 1 (current: 1)
KOVYL [SemanticAnalyzer] INFO: Return type is set as: int64
KOVYL [SemanticAnalyzer] INFO: exiting IdentifierExpression
KOVYL [SemanticAnalyzer] INFO: Expected context type revert to: undefined
KOVYL [SemanticAnalyzer] INFO: Expected context type is set as: int64
KOVYL [SemanticAnalyzer] INFO: visiting NumberExpression
KOVYL [SemanticAnalyzer] INFO: Return type is set as: int64
KOVYL [SemanticAnalyzer] INFO: exiting NumberExpression
KOVYL [SemanticAnalyzer] INFO: Expected context type revert to: undefined
KOVYL [SemanticAnalyzer] INFO: Return type is set as: int64
KOVYL [SemanticAnalyzer] INFO: exiting BinaryExpression
KOVYL [SemanticAnalyzer] INFO: expecting argument with key: 1 and types: int64...
KOVYL [SemanticAnalyzer] INFO: getting argument with key: 1...
KOVYL [SemanticAnalyzer] INFO: argument found for key: 1
KOVYL [SemanticAnalyzer] INFO: argument '1' has correct type: int64
KOVYL [SemanticAnalyzer] INFO: exiting SpecialStatement
KOVYL [SemanticAnalyzer] INFO: visiting ReturnStatement
KOVYL [SemanticAnalyzer] INFO: Checking func level -> 1
KOVYL [SemanticAnalyzer] INFO: Expected context type is set as: T
KOVYL [SemanticAnalyzer] INFO: visiting IdentifierExpression
KOVYL [SemanticAnalyzer] INFO: checking symbol existence: result -> true
KOVYL [SemanticAnalyzer] INFO: got symbol: result of type char at the depth of the scope: 1 (current: 1)
KOVYL [SemanticAnalyzer] INFO: Return type is set as: char
KOVYL [SemanticAnalyzer] INFO: exiting IdentifierExpression
KOVYL [SemanticAnalyzer] INFO: Expected context type revert to: undefined
KOVYL [SemanticAnalyzer] INFO: exiting ReturnStatement
KOVYL [SemanticAnalyzer] INFO: exiting BlockStatement
KOVYL [SemanticAnalyzer] INFO: Symbol removed: vec
KOVYL [SemanticAnalyzer] INFO: Symbol removed: size
KOVYL [SemanticAnalyzer] INFO: Symbol removed: result
KOVYL [SemanticAnalyzer] INFO: Scope popped (1 -> 0)
KOVYL [SemanticAnalyzer] INFO: exiting FuncStatement
KOVYL [SemanticAnalyzer] INFO: checking symbol existence in current scope: pop -> true
KOVYL [SemanticAnalyzer] INFO: exiting FormStatement
KOVYL [SemanticAnalyzer] INFO: visiting DeclarationStatement
KOVYL [SemanticAnalyzer] INFO: Expected context type is set as: int64@
KOVYL [SemanticAnalyzer] INFO: visiting SpecialExpression
KOVYL [SemanticAnalyzer] INFO: Semantic analysis of skVec special
KOVYL [SemanticAnalyzer] INFO: checking for unexpected arguments in special
KOVYL [SemanticAnalyzer] INFO: getting argument with key: 0...
KOVYL [SemanticAnalyzer] INFO: argument found for key: 0
KOVYL [SemanticAnalyzer] INFO: Expected context type is set as: int64[]
KOVYL [SemanticAnalyzer] INFO: visiting ArrayExpression
KOVYL [SemanticAnalyzer] INFO: Expected context type is set as: undefined
KOVYL [SemanticAnalyzer] INFO: visiting NumberExpression
KOVYL [SemanticAnalyzer] INFO: Return type is set as: int64
KOVYL [SemanticAnalyzer] INFO: exiting NumberExpression
KOVYL [SemanticAnalyzer] INFO: Expected context type revert to: int64[]
KOVYL [SemanticAnalyzer] INFO: type was derived from the array elements as int64
KOVYL [SemanticAnalyzer] INFO: visiting ArrayExpression values...
KOVYL [SemanticAnalyzer] INFO: Expected context type is set as: int64
KOVYL [SemanticAnalyzer] INFO: visiting NumberExpression
KOVYL [SemanticAnalyzer] INFO: Return type is set as: int64
KOVYL [SemanticAnalyzer] INFO: exiting NumberExpression
KOVYL [SemanticAnalyzer] INFO: Expected context type revert to: int64[]
KOVYL [SemanticAnalyzer] INFO: Expected context type is set as: int64
KOVYL [SemanticAnalyzer] INFO: visiting NumberExpression
KOVYL [SemanticAnalyzer] INFO: Return type is set as: int64
KOVYL [SemanticAnalyzer] INFO: exiting NumberExpression
KOVYL [SemanticAnalyzer] INFO: Expected context type revert to: int64[]
KOVYL [SemanticAnalyzer] INFO: Expected context type is set as: int64
KOVYL [SemanticAnalyzer] INFO: visiting NumberExpression
KOVYL [SemanticAnalyzer] INFO: Return type is set as: int64
KOVYL [SemanticAnalyzer] INFO: exiting NumberExpression
KOVYL [SemanticAnalyzer] INFO: Expected context type revert to: int64[]
KOVYL [SemanticAnalyzer] INFO: Return type is set as: int64[3]
KOVYL [SemanticAnalyzer] INFO: exiting ArrayExpression
KOVYL [SemanticAnalyzer] INFO: Expected context type revert to: int64@
KOVYL [SemanticAnalyzer] INFO: expecting argument with key: 0 and types: T[]...
KOVYL [SemanticAnalyzer] INFO: getting argument with key: 0...
KOVYL [SemanticAnalyzer] INFO: argument found for key: 0
KOVYL [SemanticAnalyzer] INFO: argument '0' has correct type: int64[3]
KOVYL [SemanticAnalyzer] INFO: Return type is set as: int64@
KOVYL [SemanticAnalyzer] INFO: exiting SpecialExpression
KOVYL [SemanticAnalyzer] INFO: Expected context type revert to: undefined
KOVYL [SemanticAnalyzer] INFO: checking symbol existence in current scope: myVec -> false
KOVYL [SemanticAnalyzer] INFO: Symbol created: myVec of type int64@ at the depth of the scope: 0
KOVYL [SemanticAnalyzer] INFO: exiting DeclarationStatement
KOVYL [SemanticAnalyzer] INFO: visiting DeclarationStatement
KOVYL [SemanticAnalyzer] INFO: Expected context type is set as: int64
KOVYL [SemanticAnalyzer] INFO: visiting CallExpression
KOVYL [SemanticAnalyzer] INFO: visiting InstanceExpression
KOVYL [SemanticAnalyzer] INFO: forms of pop was found in the table. Comparison
KOVYL [SemanticAnalyzer] INFO: - with pop<T>(char@) -> T
KOVYL [SemanticAnalyzer] INFO: suitable form has been found. Monomorphization...
KOVYL [SemanticAnalyzer] INFO: visiting FuncStatement
KOVYL [SemanticAnalyzer] INFO: Checking that all paths in the function 'pop' block end with the return expression
KOVYL [SemanticAnalyzer] INFO: ...true
KOVYL [SemanticAnalyzer] INFO: Checking function overloads...
KOVYL [SemanticAnalyzer] INFO: checking symbol existence: pop -> false
KOVYL [SemanticAnalyzer] INFO: New function type is set as: (char@) -> int64
KOVYL [SemanticAnalyzer] INFO: Symbol created: pop of type (char@) -> int64 at the depth of the scope: 0
KOVYL [SemanticAnalyzer] INFO: Scope pushed (0 -> 1)
KOVYL [SemanticAnalyzer] INFO: Symbol created: vec of type char@ at the depth of the scope: 1
KOVYL [SemanticAnalyzer] INFO: visiting BlockStatement
KOVYL [SemanticAnalyzer] INFO: visiting DeclarationStatement
KOVYL [SemanticAnalyzer] INFO: Expected context type is set as: int64
KOVYL [SemanticAnalyzer] INFO: visiting SpecialExpression
KOVYL [SemanticAnalyzer] INFO: Semantic analysis of skLen special
KOVYL [SemanticAnalyzer] INFO: checking for unexpected arguments in special
KOVYL [SemanticAnalyzer] INFO: getting argument with key: 0...
KOVYL [SemanticAnalyzer] INFO: argument found for key: 0
KOVYL [SemanticAnalyzer] INFO: visiting IdentifierExpression
KOVYL [SemanticAnalyzer] INFO: checking symbol existence: vec -> true
KOVYL [SemanticAnalyzer] INFO: got symbol: vec of type char@ at the depth of the scope: 1 (current: 1)
KOVYL [SemanticAnalyzer] INFO: Return type is set as: char@
KOVYL [SemanticAnalyzer] INFO: exiting IdentifierExpression
KOVYL [SemanticAnalyzer] INFO: expecting argument with key: 0 and types: T@ | T[]...
KOVYL [SemanticAnalyzer] INFO: getting argument with key: 0...
KOVYL [SemanticAnalyzer] INFO: argument found for key: 0
KOVYL [SemanticAnalyzer] INFO: argument '0' has correct type: char@
KOVYL [SemanticAnalyzer] INFO: Return type is set as: int64
KOVYL [SemanticAnalyzer] INFO: exiting SpecialExpression
KOVYL [SemanticAnalyzer] INFO: Expected context type revert to: int64
KOVYL [SemanticAnalyzer] INFO: checking symbol existence in current scope: size -> false
KOVYL [SemanticAnalyzer] INFO: Symbol created: size of type int64 at the depth of the scope: 1
KOVYL [SemanticAnalyzer] INFO: exiting DeclarationStatement
KOVYL [SemanticAnalyzer] INFO: visiting BranchingStatement
KOVYL [SemanticAnalyzer] INFO: Scope pushed (1 -> 2)
KOVYL [SemanticAnalyzer] INFO: Expected context type is set as: bool
KOVYL [SemanticAnalyzer] INFO: visiting BinaryExpression
KOVYL [SemanticAnalyzer] INFO: attempt to coerce types
KOVYL [SemanticAnalyzer] INFO: Expected context type is set as: bool
KOVYL [SemanticAnalyzer] INFO: visiting IdentifierExpression
KOVYL [SemanticAnalyzer] INFO: checking symbol existence: size -> true
KOVYL [SemanticAnalyzer] INFO: got symbol: size of type int64 at the depth of the scope: 1 (current: 2)
KOVYL [SemanticAnalyzer] INFO: Return type is set as: int64
KOVYL [SemanticAnalyzer] INFO: exiting IdentifierExpression
KOVYL [SemanticAnalyzer] INFO: Expected context type revert to: bool
KOVYL [SemanticAnalyzer] INFO: Expected context type is set as: int64
KOVYL [SemanticAnalyzer] INFO: visiting NumberExpression
KOVYL [SemanticAnalyzer] INFO: Return type is set as: int64
KOVYL [SemanticAnalyzer] INFO: exiting NumberExpression
KOVYL [SemanticAnalyzer] INFO: Expected context type revert to: bool
KOVYL [SemanticAnalyzer] INFO: Return type is set as: bool
KOVYL [SemanticAnalyzer] INFO: exiting BinaryExpression
KOVYL [SemanticAnalyzer] INFO: Expected context type revert to: int64
KOVYL [SemanticAnalyzer] INFO: visiting BlockStatement
KOVYL [SemanticAnalyzer] INFO: visiting SpecialStatement
KOVYL [SemanticAnalyzer] INFO: Semantic analysis of skPanic special
KOVYL [SemanticAnalyzer] INFO: checking for unexpected arguments in special
KOVYL [SemanticAnalyzer] INFO: getting argument with key: 0...
KOVYL [SemanticAnalyzer] INFO: argument found for key: 0
KOVYL [SemanticAnalyzer] INFO: getting argument with key: 1...
KOVYL [SemanticAnalyzer] INFO: argument found for key: 1
KOVYL [SemanticAnalyzer] INFO: Expected context type is set as: char[]
KOVYL [SemanticAnalyzer] INFO: visiting ArrayExpression
KOVYL [SemanticAnalyzer] INFO: Expected context type is set as: undefined
KOVYL [SemanticAnalyzer] INFO: Expected context type revert to: char[]
KOVYL [SemanticAnalyzer] INFO: type was derived from the array elements as char
KOVYL [SemanticAnalyzer] INFO: visiting ArrayExpression values...
KOVYL [SemanticAnalyzer] INFO: Expected context type is set as: char
KOVYL [SemanticAnalyzer] INFO: Expected context type revert to: char[]
KOVYL [SemanticAnalyzer] INFO: Expected context type is set as: char
KOVYL [SemanticAnalyzer] INFO: Expected context type revert to: char[]
KOVYL [SemanticAnalyzer] INFO: Expected context type is set as: char
KOVYL [SemanticAnalyzer] INFO: Expected context type revert to: char[]
KOVYL [SemanticAnalyzer] INFO: Expected context type is set as: char
KOVYL [SemanticAnalyzer] INFO: Expected context type revert to: char[]
KOVYL [SemanticAnalyzer] INFO: Expected context type is set as: char
KOVYL [SemanticAnalyzer] INFO: Expected context type revert to: char[]
KOVYL [SemanticAnalyzer] INFO: Expected context type is set as: char
KOVYL [SemanticAnalyzer] INFO: Expected context type revert to: char[]
KOVYL [SemanticAnalyzer] INFO: Expected context type is set as: char
KOVYL [SemanticAnalyzer] INFO: Expected context type revert to: char[]
KOVYL [SemanticAnalyzer] INFO: Expected context type is set as: char
KOVYL [SemanticAnalyzer] INFO: Expected context type revert to: char[]
KOVYL [SemanticAnalyzer] INFO: Expected context type is set as: char
KOVYL [SemanticAnalyzer] INFO: Expected context type revert to: char[]
KOVYL [SemanticAnalyzer] INFO: Expected context type is set as: char
KOVYL [SemanticAnalyzer] INFO: Expected context type revert to: char[]
KOVYL [SemanticAnalyzer] INFO: Expected context type is set as: char
KOVYL [SemanticAnalyzer] INFO: Expected context type revert to: char[]
KOVYL [SemanticAnalyzer] INFO: Expected context type is set as: char
KOVYL [SemanticAnalyzer] INFO: Expected context type revert to: char[]
KOVYL [SemanticAnalyzer] INFO: Return type is set as: char[12]
KOVYL [SemanticAnalyzer] INFO: exiting ArrayExpression
KOVYL [SemanticAnalyzer] INFO: Expected context type revert to: int64
KOVYL [SemanticAnalyzer] INFO: expecting argument with key: 0 and types: char[] | char@...
KOVYL [SemanticAnalyzer] INFO: getting argument with key: 0...
KOVYL [SemanticAnalyzer] INFO: argument found for key: 0
KOVYL [SemanticAnalyzer] INFO: argument '0' has correct type: char[12]
KOVYL [SemanticAnalyzer] INFO: Expected context type is set as: char[]
KOVYL [SemanticAnalyzer] INFO: visiting ArrayExpression
KOVYL [SemanticAnalyzer] INFO: Expected context type is set as: undefined
KOVYL [SemanticAnalyzer] INFO: Expected context type revert to: char[]
KOVYL [SemanticAnalyzer] INFO: type was derived from the array elements as char
KOVYL [SemanticAnalyzer] INFO: visiting ArrayExpression values...
KOVYL [SemanticAnalyzer] INFO: Expected context type is set as: char
KOVYL [SemanticAnalyzer] INFO: Expected context type revert to: char[]
KOVYL [SemanticAnalyzer] INFO: Return type is set as: char[1]
KOVYL [SemanticAnalyzer] INFO: exiting ArrayExpression
KOVYL [SemanticAnalyzer] INFO: Expected context type revert to: int64
KOVYL [SemanticAnalyzer] INFO: expecting argument with key: 1 and types: char[] | char@...
KOVYL [SemanticAnalyzer] INFO: getting argument with key: 1...
KOVYL [SemanticAnalyzer] INFO: argument found for key: 1
KOVYL [SemanticAnalyzer] INFO: argument '1' has correct type: char[1]
KOVYL [SemanticAnalyzer] INFO: exiting SpecialStatement
KOVYL [SemanticAnalyzer] INFO: exiting BlockStatement
KOVYL [SemanticAnalyzer] INFO: Scope popped (2 -> 1)
KOVYL [SemanticAnalyzer] INFO: exiting BranchingStatement
KOVYL [SemanticAnalyzer] INFO: visiting DeclarationStatement
KOVYL [SemanticAnalyzer] INFO: Expected context type is set as: int64
KOVYL [SemanticAnalyzer] INFO: visiting IndexExpression
KOVYL [SemanticAnalyzer] INFO: Expected context type is set as: int64[]
KOVYL [SemanticAnalyzer] INFO: visiting IdentifierExpression
KOVYL [SemanticAnalyzer] INFO: checking symbol existence: vec -> true
KOVYL [SemanticAnalyzer] INFO: got symbol: vec of type char@ at the depth of the scope: 1 (current: 1)
KOVYL [SemanticAnalyzer] INFO: Return type is set as: char@
KOVYL [SemanticAnalyzer] INFO: exiting IdentifierExpression
KOVYL [SemanticAnalyzer] INFO: Expected context type revert to: int64
KOVYL [SemanticAnalyzer] INFO: visiting IdentifierExpression
KOVYL [SemanticAnalyzer] INFO: checking symbol existence: size -> true
KOVYL [SemanticAnalyzer] INFO: got symbol: size of type int64 at the depth of the scope: 1 (current: 1)
KOVYL [SemanticAnalyzer] INFO: Return type is set as: int64
KOVYL [SemanticAnalyzer] INFO: exiting IdentifierExpression
KOVYL [SemanticAnalyzer] INFO: Return type is set as: char
KOVYL [SemanticAnalyzer] INFO: exiting IndexExpression
KOVYL [SemanticAnalyzer] INFO: Expected context type revert to: int64
KOVYL [SemanticAnalyzer] ERROR: errTypeMismatch at examples/test.kvl:14:5 [@0 = "int64", @1 = "char"]
KOVYL [SemanticAnalyzer] INFO: checking symbol existence in current scope: result -> false
KOVYL [SemanticAnalyzer] INFO: exiting DeclarationStatement
KOVYL [SemanticAnalyzer] INFO: visiting SpecialStatement
KOVYL [SemanticAnalyzer] INFO: Semantic analysis of skResize special
KOVYL [SemanticAnalyzer] INFO: checking for unexpected arguments in special
KOVYL [SemanticAnalyzer] INFO: getting argument with key: 0...
KOVYL [SemanticAnalyzer] INFO: argument found for key: 0
KOVYL [SemanticAnalyzer] INFO: getting argument with key: 1...
KOVYL [SemanticAnalyzer] INFO: argument found for key: 1
KOVYL [SemanticAnalyzer] INFO: visiting IdentifierExpression
KOVYL [SemanticAnalyzer] INFO: checking symbol existence: vec -> true
KOVYL [SemanticAnalyzer] INFO: got symbol: vec of type char@ at the depth of the scope: 1 (current: 1)
KOVYL [SemanticAnalyzer] INFO: Return type is set as: char@
KOVYL [SemanticAnalyzer] INFO: exiting IdentifierExpression
KOVYL [SemanticAnalyzer] INFO: visiting BinaryExpression
KOVYL [SemanticAnalyzer] INFO: attempt to coerce types
KOVYL [SemanticAnalyzer] INFO: Expected context type is set as: int64
KOVYL [SemanticAnalyzer] INFO: visiting IdentifierExpression
KOVYL [SemanticAnalyzer] INFO: checking symbol existence: size -> true
KOVYL [SemanticAnalyzer] INFO: got symbol: size of type int64 at the depth of the scope: 1 (current: 1)
KOVYL [SemanticAnalyzer] INFO: Return type is set as: int64
KOVYL [SemanticAnalyzer] INFO: exiting IdentifierExpression
KOVYL [SemanticAnalyzer] INFO: Expected context type revert to: int64
KOVYL [SemanticAnalyzer] INFO: Expected context type is set as: int64
KOVYL [SemanticAnalyzer] INFO: visiting NumberExpression
KOVYL [SemanticAnalyzer] INFO: Return type is set as: int64
KOVYL [SemanticAnalyzer] INFO: exiting NumberExpression
KOVYL [SemanticAnalyzer] INFO: Expected context type revert to: int64
KOVYL [SemanticAnalyzer] INFO: Return type is set as: int64
KOVYL [SemanticAnalyzer] INFO: exiting BinaryExpression
KOVYL [SemanticAnalyzer] INFO: expecting argument with key: 1 and types: int64...
KOVYL [SemanticAnalyzer] INFO: getting argument with key: 1...
KOVYL [SemanticAnalyzer] INFO: argument found for key: 1
KOVYL [SemanticAnalyzer] INFO: argument '1' has correct type: int64
KOVYL [SemanticAnalyzer] INFO: exiting SpecialStatement
KOVYL [SemanticAnalyzer] INFO: visiting ReturnStatement
KOVYL [SemanticAnalyzer] INFO: Checking func level -> 1
KOVYL [SemanticAnalyzer] INFO: Expected context type is set as: int64
KOVYL [SemanticAnalyzer] INFO: visiting IdentifierExpression
KOVYL [SemanticAnalyzer] INFO: checking symbol existence: result -> false
KOVYL [SemanticAnalyzer] ERROR: errUndeclaredSymbol at examples/test.kvl:16:10 [@0 = "result"]
KOVYL [SemanticAnalyzer] INFO: exiting IdentifierExpression
KOVYL [SemanticAnalyzer] INFO: Expected context type revert to: int64
KOVYL [SemanticAnalyzer] ERROR: errTypeMismatch at examples/test.kvl:16:10 [@0 = "int64", @1 = "char"]
KOVYL [SemanticAnalyzer] INFO: exiting ReturnStatement
KOVYL [SemanticAnalyzer] INFO: exiting BlockStatement
KOVYL [SemanticAnalyzer] INFO: Symbol removed: vec
KOVYL [SemanticAnalyzer] INFO: Symbol removed: size
KOVYL [SemanticAnalyzer] INFO: Scope popped (1 -> 0)
KOVYL [SemanticAnalyzer] INFO: exiting FuncStatement
KOVYL [SemanticAnalyzer] ERROR: errMonomorphizationError at examples/test.kvl:20:12 [@0 = "pop", @1 = "(int64)"]
KOVYL [SemanticAnalyzer] INFO: exiting InstanceExpression
KOVYL [SemanticAnalyzer] ERROR: errTypeMismatch at examples/test.kvl:20:20 [@0 = "(T, ...) -> T", @1 = "undefined"]
KOVYL [SemanticAnalyzer] INFO: exiting CallExpression
KOVYL [SemanticAnalyzer] INFO: Expected context type revert to: undefined
KOVYL [SemanticAnalyzer] ERROR: errTypeMismatch at examples/test.kvl:20:5 [@0 = "int64", @1 = "undefined"]
KOVYL [SemanticAnalyzer] INFO: checking symbol existence in current scope: last -> false
KOVYL [SemanticAnalyzer] INFO: exiting DeclarationStatement
KOVYL [SemanticAnalyzer] INFO: exiting BlockStatement
KOVYL [SemanticAnalyzer] INFO: SemanticAnalyzerVisitor initialized
KOVYL [SemanticAnalyzer] INFO: visiting BlockStatement
KOVYL [SemanticAnalyzer] INFO: visiting DeclarationStatement
KOVYL [SemanticAnalyzer] INFO: Expected context type is set as: uint64
KOVYL [SemanticAnalyzer] INFO: visiting NumberExpression
KOVYL [SemanticAnalyzer] INFO: Return type is set as: uint64
KOVYL [SemanticAnalyzer] INFO: exiting NumberExpression
KOVYL [SemanticAnalyzer] INFO: Expected context type revert to: undefined
KOVYL [SemanticAnalyzer] INFO: checking symbol existence in current scope: id -> false
KOVYL [SemanticAnalyzer] INFO: Symbol created: id of type uint64 at the depth of the scope: 0
KOVYL [SemanticAnalyzer] INFO: exiting DeclarationStatement
KOVYL [SemanticAnalyzer] INFO: visiting FuncStatement
KOVYL [SemanticAnalyzer] INFO: Checking that all paths in the function 'registerPanic' block end with the return expression
KOVYL [SemanticAnalyzer] INFO: ...true
KOVYL [SemanticAnalyzer] INFO: Checking function overloads...
KOVYL [SemanticAnalyzer] INFO: checking symbol existence: registerPanic -> false
KOVYL [SemanticAnalyzer] INFO: New function type is set as: (char[64]) -> char@
KOVYL [SemanticAnalyzer] INFO: Public symbol created: registerPanic of type (char[64]) -> char@ at the depth of the scope: 0
KOVYL [SemanticAnalyzer] INFO: Scope pushed (0 -> 1)
KOVYL [SemanticAnalyzer] INFO: Symbol created: name of type char[64] at the depth of the scope: 1
KOVYL [SemanticAnalyzer] INFO: visiting BlockStatement
KOVYL [SemanticAnalyzer] INFO: visiting ClosureStatement
KOVYL [SemanticAnalyzer] INFO: checking function level -> 1
KOVYL [SemanticAnalyzer] INFO: closing symbol id...
KOVYL [SemanticAnalyzer] INFO: checking symbol existence: id -> true
KOVYL [SemanticAnalyzer] INFO: got symbol: id of type uint64 at the depth of the scope: 0 (current: 1)
KOVYL [SemanticAnalyzer] INFO: symbol id added to function registerPanic closures
KOVYL [SemanticAnalyzer] INFO: exiting ClosureStatement
KOVYL [SemanticAnalyzer] INFO: visiting AssignmentStatement
KOVYL [SemanticAnalyzer] INFO: visiting IdentifierExpression
KOVYL [SemanticAnalyzer] INFO: checking symbol existence: id -> true
KOVYL [SemanticAnalyzer] INFO: got symbol: id of type uint64 at the depth of the scope: 0 (current: 1)
KOVYL [SemanticAnalyzer] INFO: Return type is set as: uint64
KOVYL [SemanticAnalyzer] INFO: exiting IdentifierExpression
KOVYL [SemanticAnalyzer] INFO: Expected context type is set as: uint64
KOVYL [SemanticAnalyzer] INFO: visiting BinaryExpression
KOVYL [SemanticAnalyzer] INFO: attempt to coerce types
KOVYL [SemanticAnalyzer] INFO: Expected context type is set as: uint64
KOVYL [SemanticAnalyzer] INFO: visiting IdentifierExpression
KOVYL [SemanticAnalyzer] INFO: checking symbol existence: id -> true
KOVYL [SemanticAnalyzer] INFO: got symbol: id of type uint64 at the depth of the scope: 0 (current: 1)
KOVYL [SemanticAnalyzer] INFO: Return type is set as: uint64
KOVYL [SemanticAnalyzer] INFO: exiting IdentifierExpression
KOVYL [SemanticAnalyzer] INFO: Expected context type revert to: uint64
KOVYL [SemanticAnalyzer] INFO: Expected context type is set as: uint64
KOVYL [SemanticAnalyzer] INFO: visiting NumberExpression
KOVYL [SemanticAnalyzer] INFO: Return type is set as: uint64
KOVYL [SemanticAnalyzer] INFO: exiting NumberExpression
KOVYL [SemanticAnalyzer] INFO: Expected context type revert to: uint64
KOVYL [SemanticAnalyzer] INFO: Return type is set as: uint64
KOVYL [SemanticAnalyzer] INFO: exiting BinaryExpression
KOVYL [SemanticAnalyzer] INFO: Expected context type revert to: undefined
KOVYL [SemanticAnalyzer] INFO: exiting AssignmentStatement
KOVYL [SemanticAnalyzer] INFO: visiting ReturnStatement
KOVYL [SemanticAnalyzer] INFO: Checking func level -> 1
KOVYL [SemanticAnalyzer] INFO: Expected context type is set as: char@
KOVYL [SemanticAnalyzer] INFO: visiting SpecialExpression
KOVYL [SemanticAnalyzer] INFO: Semantic analysis of skFmt special
KOVYL [SemanticAnalyzer] INFO: Expected context type is set as: char[]
KOVYL [SemanticAnalyzer] INFO: visiting ArrayExpression
KOVYL [SemanticAnalyzer] INFO: Expected context type is set as: undefined
KOVYL [SemanticAnalyzer] INFO: Expected context type revert to: char[]
KOVYL [SemanticAnalyzer] INFO: type was derived from the array elements as char
KOVYL [SemanticAnalyzer] INFO: visiting ArrayExpression values...
KOVYL [SemanticAnalyzer] INFO: Expected context type is set as: char
KOVYL [SemanticAnalyzer] INFO: Expected context type revert to: char[]
KOVYL [SemanticAnalyzer] INFO: Expected context type is set as: char
KOVYL [SemanticAnalyzer] INFO: Expected context type revert to: char[]
KOVYL [SemanticAnalyzer] INFO: Expected context type is set as: char
KOVYL [SemanticAnalyzer] INFO: Expected context type revert to: char[]
KOVYL [SemanticAnalyzer] INFO: Expected context type is set as: char
KOVYL [SemanticAnalyzer] INFO: Expected context type revert to: char[]
KOVYL [SemanticAnalyzer] INFO: Expected context type is set as: char
KOVYL [SemanticAnalyzer] INFO: Expected context type revert to: char[]
KOVYL [SemanticAnalyzer] INFO: Expected context type is set as: char
KOVYL [SemanticAnalyzer] INFO: Expected context type revert to: char[]
KOVYL [SemanticAnalyzer] INFO: Expected context type is set as: char
KOVYL [SemanticAnalyzer] INFO: Expected context type revert to: char[]
KOVYL [SemanticAnalyzer] INFO: Expected context type is set as: char
KOVYL [SemanticAnalyzer] INFO: Expected context type revert to: char[]
KOVYL [SemanticAnalyzer] INFO: Expected context type is set as: char
KOVYL [SemanticAnalyzer] INFO: Expected context type revert to: char[]
KOVYL [SemanticAnalyzer] INFO: Expected context type is set as: char
KOVYL [SemanticAnalyzer] INFO: Expected context type revert to: char[]
KOVYL [SemanticAnalyzer] INFO: Expected context type is set as: char
KOVYL [SemanticAnalyzer] INFO: Expected context type revert to: char[]
KOVYL [SemanticAnalyzer] INFO: Expected context type is set as: char
KOVYL [SemanticAnalyzer] INFO: Expected context type revert to: char[]
KOVYL [SemanticAnalyzer] INFO: Return type is set as: char[12]
KOVYL [SemanticAnalyzer] INFO: exiting ArrayExpression
KOVYL [SemanticAnalyzer] INFO: Expected context type revert to: char@
KOVYL [SemanticAnalyzer] INFO: Expected context type is set as: char[]
KOVYL [SemanticAnalyzer] INFO: visiting IdentifierExpression
KOVYL [SemanticAnalyzer] INFO: checking symbol existence: name -> true
KOVYL [SemanticAnalyzer] INFO: got symbol: name of type char[64] at the depth of the scope: 1 (current: 1)
KOVYL [SemanticAnalyzer] INFO: Return type is set as: char[64]
KOVYL [SemanticAnalyzer] INFO: exiting IdentifierExpression
KOVYL [SemanticAnalyzer] INFO: Expected context type revert to: char@
KOVYL [SemanticAnalyzer] INFO: Expected context type is set as: char[]
KOVYL [SemanticAnalyzer] INFO: visiting ArrayExpression
KOVYL [SemanticAnalyzer] INFO: Expected context type is set as: undefined
KOVYL [SemanticAnalyzer] INFO: Expected context type revert to: char[]
KOVYL [SemanticAnalyzer] INFO: type was derived from the array elements as char
KOVYL [SemanticAnalyzer] INFO: visiting ArrayExpression values...
KOVYL [SemanticAnalyzer] INFO: Expected context type is set as: char
KOVYL [SemanticAnalyzer] INFO: Expected context type revert to: char[]
KOVYL [SemanticAnalyzer] INFO: Expected context type is set as: char
KOVYL [SemanticAnalyzer] INFO: Expected context type revert to: char[]
KOVYL [SemanticAnalyzer] INFO: Expected context type is set as: char
KOVYL [SemanticAnalyzer] INFO: Expected context type revert to: char[]
KOVYL [SemanticAnalyzer] INFO: Expected context type is set as: char
KOVYL [SemanticAnalyzer] INFO: Expected context type revert to: char[]
KOVYL [SemanticAnalyzer] INFO: Expected context type is set as: char
KOVYL [SemanticAnalyzer] INFO: Expected context type revert to: char[]
KOVYL [SemanticAnalyzer] INFO: Return type is set as: char[5]
KOVYL [SemanticAnalyzer] INFO: exiting ArrayExpression
KOVYL [SemanticAnalyzer] INFO: Expected context type revert to: char@
KOVYL [SemanticAnalyzer] INFO: Expected context type is set as: char[]
KOVYL [SemanticAnalyzer] INFO: visiting BinaryExpression
KOVYL [SemanticAnalyzer] INFO: attempt to coerce types
KOVYL [SemanticAnalyzer] INFO: Expected context type is set as: char[]
KOVYL [SemanticAnalyzer] INFO: visiting IdentifierExpression
KOVYL [SemanticAnalyzer] INFO: checking symbol existence: id -> true
KOVYL [SemanticAnalyzer] INFO: got symbol: id of type uint64 at the depth of the scope: 0 (current: 1)
KOVYL [SemanticAnalyzer] INFO: Return type is set as: uint64
KOVYL [SemanticAnalyzer] INFO: exiting IdentifierExpression
KOVYL [SemanticAnalyzer] INFO: Expected context type revert to: char[]
KOVYL [SemanticAnalyzer] INFO: Expected context type is set as: uint64
KOVYL [SemanticAnalyzer] INFO: visiting NumberExpression
KOVYL [SemanticAnalyzer] INFO: Return type is set as: uint64
KOVYL [SemanticAnalyzer] INFO: exiting NumberExpression
KOVYL [SemanticAnalyzer] INFO: Expected context type revert to: char[]
KOVYL [SemanticAnalyzer] INFO: Return type is set as: uint64
KOVYL [SemanticAnalyzer] INFO: exiting BinaryExpression
KOVYL [SemanticAnalyzer] INFO: Expected context type revert to: char@
KOVYL [SemanticAnalyzer] INFO: Expected context type is set as: char[]
KOVYL [SemanticAnalyzer] INFO: visiting ArrayExpression
KOVYL [SemanticAnalyzer] INFO: Expected context type is set as: undefined
KOVYL [SemanticAnalyzer] INFO: Expected context type revert to: char[]
KOVYL [SemanticAnalyzer] INFO: type was derived from the array elements as char
KOVYL [SemanticAnalyzer] INFO: visiting ArrayExpression values...
KOVYL [SemanticAnalyzer] INFO: Expected context type is set as: char
KOVYL [SemanticAnalyzer] INFO: Expected context type revert to: char[]
KOVYL [SemanticAnalyzer] INFO: Expected context type is set as: char
KOVYL [SemanticAnalyzer] INFO: Expected context type revert to: char[]
KOVYL [SemanticAnalyzer] INFO: Return type is set as: char[2]
KOVYL [SemanticAnalyzer] INFO: exiting ArrayExpression
KOVYL [SemanticAnalyzer] INFO: Expected context type revert to: char@
KOVYL [SemanticAnalyzer] INFO: checking if argument exists with key: sep...
KOVYL [SemanticAnalyzer] INFO: argument does not exist with key: sep
KOVYL [SemanticAnalyzer] INFO: checking if argument exists with key: repr...
KOVYL [SemanticAnalyzer] INFO: argument does not exist with key: repr
KOVYL [SemanticAnalyzer] INFO: Return type is set as: char@
KOVYL [SemanticAnalyzer] INFO: exiting SpecialExpression
KOVYL [SemanticAnalyzer] INFO: Expected context type revert to: undefined
KOVYL [SemanticAnalyzer] INFO: exiting ReturnStatement
KOVYL [SemanticAnalyzer] INFO: exiting BlockStatement
KOVYL [SemanticAnalyzer] INFO: Symbol removed: name
KOVYL [SemanticAnalyzer] INFO: Scope popped (1 -> 0)
KOVYL [SemanticAnalyzer] INFO: exiting FuncStatement
KOVYL [SemanticAnalyzer] INFO: visiting FormStatement
KOVYL [SemanticAnalyzer] INFO: finding form overloads...
KOVYL [SemanticAnalyzer] INFO: not found
KOVYL [SemanticAnalyzer] INFO: pop was added or overloaded to the form table
KOVYL [SemanticAnalyzer] INFO: visiting FuncStatement
KOVYL [SemanticAnalyzer] INFO: Checking that all paths in the function 'pop' block end with the return expression
KOVYL [SemanticAnalyzer] INFO: ...true
KOVYL [SemanticAnalyzer] INFO: Checking function overloads...
KOVYL [SemanticAnalyzer] INFO: checking symbol existence: pop -> false
KOVYL [SemanticAnalyzer] INFO: New function type is set as: (T@) -> T
KOVYL [SemanticAnalyzer] INFO: Symbol created: pop of type (T@) -> T at the depth of the scope: 0
KOVYL [SemanticAnalyzer] INFO: Scope pushed (0 -> 1)
KOVYL [SemanticAnalyzer] INFO: Symbol created: vec of type T@ at the depth of the scope: 1
KOVYL [SemanticAnalyzer] INFO: visiting BlockStatement
KOVYL [SemanticAnalyzer] INFO: visiting DeclarationStatement
KOVYL [SemanticAnalyzer] INFO: Expected context type is set as: int64
KOVYL [SemanticAnalyzer] INFO: visiting SpecialExpression
KOVYL [SemanticAnalyzer] INFO: Semantic analysis of skLen special
KOVYL [SemanticAnalyzer] INFO: checking for unexpected arguments in special
KOVYL [SemanticAnalyzer] INFO: getting argument with key: 0...
KOVYL [SemanticAnalyzer] INFO: argument found for key: 0
KOVYL [SemanticAnalyzer] INFO: visiting IdentifierExpression
KOVYL [SemanticAnalyzer] INFO: checking symbol existence: vec -> true
KOVYL [SemanticAnalyzer] INFO: got symbol: vec of type T@ at the depth of the scope: 1 (current: 1)
KOVYL [SemanticAnalyzer] INFO: Return type is set as: T@
KOVYL [SemanticAnalyzer] INFO: exiting IdentifierExpression
KOVYL [SemanticAnalyzer] INFO: expecting argument with key: 0 and types: T@ | T[]...
KOVYL [SemanticAnalyzer] INFO: getting argument with key: 0...
KOVYL [SemanticAnalyzer] INFO: argument found for key: 0
KOVYL [SemanticAnalyzer] INFO: argument '0' has correct type: T@
KOVYL [SemanticAnalyzer] INFO: Return type is set as: int64
KOVYL [SemanticAnalyzer] INFO: exiting SpecialExpression
KOVYL [SemanticAnalyzer] INFO: Expected context type revert to: undefined
KOVYL [SemanticAnalyzer] INFO: checking symbol existence in current scope: size -> false
KOVYL [SemanticAnalyzer] INFO: Symbol created: size of type int64 at the depth of the scope: 1
KOVYL [SemanticAnalyzer] INFO: exiting DeclarationStatement
KOVYL [SemanticAnalyzer] INFO: visiting BranchingStatement
KOVYL [SemanticAnalyzer] INFO: Scope pushed (1 -> 2)
KOVYL [SemanticAnalyzer] INFO: Expected context type is set as: bool
KOVYL [SemanticAnalyzer] INFO: visiting BinaryExpression
KOVYL [SemanticAnalyzer] INFO: attempt to coerce types
KOVYL [SemanticAnalyzer] INFO: Expected context type is set as: bool
KOVYL [SemanticAnalyzer] INFO: visiting IdentifierExpression
KOVYL [SemanticAnalyzer] INFO: checking symbol existence: size -> true
KOVYL [SemanticAnalyzer] INFO: got symbol: size of type int64 at the depth of the scope: 1 (current: 2)
KOVYL [SemanticAnalyzer] INFO: Return type is set as: int64
KOVYL [SemanticAnalyzer] INFO: exiting IdentifierExpression
KOVYL [SemanticAnalyzer] INFO: Expected context type revert to: bool
KOVYL [SemanticAnalyzer] INFO: Expected context type is set as: int64
KOVYL [SemanticAnalyzer] INFO: visiting NumberExpression
KOVYL [SemanticAnalyzer] INFO: Return type is set as: int64
KOVYL [SemanticAnalyzer] INFO: exiting NumberExpression
KOVYL [SemanticAnalyzer] INFO: Expected context type revert to: bool
KOVYL [SemanticAnalyzer] INFO: Return type is set as: bool
KOVYL [SemanticAnalyzer] INFO: exiting BinaryExpression
KOVYL [SemanticAnalyzer] INFO: Expected context type revert to: undefined
KOVYL [SemanticAnalyzer] INFO: visiting BlockStatement
KOVYL [SemanticAnalyzer] INFO: visiting SpecialStatement
KOVYL [SemanticAnalyzer] INFO: Semantic analysis of skPanic special
KOVYL [SemanticAnalyzer] INFO: checking for unexpected arguments in special
KOVYL [SemanticAnalyzer] INFO: getting argument with key: 0...
KOVYL [SemanticAnalyzer] INFO: argument found for key: 0
KOVYL [SemanticAnalyzer] INFO: getting argument with key: 1...
KOVYL [SemanticAnalyzer] INFO: argument found for key: 1
KOVYL [SemanticAnalyzer] INFO: Expected context type is set as: char[]
KOVYL [SemanticAnalyzer] INFO: visiting ArrayExpression
KOVYL [SemanticAnalyzer] INFO: Expected context type is set as: undefined
KOVYL [SemanticAnalyzer] INFO: Expected context type revert to: char[]
KOVYL [SemanticAnalyzer] INFO: type was derived from the array elements as char
KOVYL [SemanticAnalyzer] INFO: visiting ArrayExpression values...
KOVYL [SemanticAnalyzer] INFO: Expected context type is set as: char
KOVYL [SemanticAnalyzer] INFO: Expected context type revert to: char[]
KOVYL [SemanticAnalyzer] INFO: Expected context type is set as: char
KOVYL [SemanticAnalyzer] INFO: Expected context type revert to: char[]
KOVYL [SemanticAnalyzer] INFO: Expected context type is set as: char
KOVYL [SemanticAnalyzer] INFO: Expected context type revert to: char[]
KOVYL [SemanticAnalyzer] INFO: Expected context type is set as: char
KOVYL [SemanticAnalyzer] INFO: Expected context type revert to: char[]
KOVYL [SemanticAnalyzer] INFO: Expected context type is set as: char
KOVYL [SemanticAnalyzer] INFO: Expected context type revert to: char[]
KOVYL [SemanticAnalyzer] INFO: Expected context type is set as: char
KOVYL [SemanticAnalyzer] INFO: Expected context type revert to: char[]
KOVYL [SemanticAnalyzer] INFO: Expected context type is set as: char
KOVYL [SemanticAnalyzer] INFO: Expected context type revert to: char[]
KOVYL [SemanticAnalyzer] INFO: Expected context type is set as: char
KOVYL [SemanticAnalyzer] INFO: Expected context type revert to: char[]
KOVYL [SemanticAnalyzer] INFO: Expected context type is set as: char
KOVYL [SemanticAnalyzer] INFO: Expected context type revert to: char[]
KOVYL [SemanticAnalyzer] INFO: Expected context type is set as: char
KOVYL [SemanticAnalyzer] INFO: Expected context type revert to: char[]
KOVYL [SemanticAnalyzer] INFO: Expected context type is set as: char
KOVYL [SemanticAnalyzer] INFO: Expected context type revert to: char[]
KOVYL [SemanticAnalyzer] INFO: Expected context type is set as: char
KOVYL [SemanticAnalyzer] INFO: Expected context type revert to: char[]
KOVYL [SemanticAnalyzer] INFO: Return type is set as: char[12]
KOVYL [SemanticAnalyzer] INFO: exiting ArrayExpression
KOVYL [SemanticAnalyzer] INFO: Expected context type revert to: undefined
KOVYL [SemanticAnalyzer] INFO: expecting argument with key: 0 and types: char[] | char@...
KOVYL [SemanticAnalyzer] INFO: getting argument with key: 0...
KOVYL [SemanticAnalyzer] INFO: argument found for key: 0
KOVYL [SemanticAnalyzer] INFO: argument '0' has correct type: char[12]
KOVYL [SemanticAnalyzer] INFO: Expected context type is set as: char[]
KOVYL [SemanticAnalyzer] INFO: visiting ArrayExpression
KOVYL [SemanticAnalyzer] INFO: Expected context type is set as: undefined
KOVYL [SemanticAnalyzer] INFO: Expected context type revert to: char[]
KOVYL [SemanticAnalyzer] INFO: type was derived from the array elements as char
KOVYL [SemanticAnalyzer] INFO: visiting ArrayExpression values...
KOVYL [SemanticAnalyzer] INFO: Expected context type is set as: char
KOVYL [SemanticAnalyzer] INFO: Expected context type revert to: char[]
KOVYL [SemanticAnalyzer] INFO: Return type is set as: char[1]
KOVYL [SemanticAnalyzer] INFO: exiting ArrayExpression
KOVYL [SemanticAnalyzer] INFO: Expected context type revert to: undefined
KOVYL [SemanticAnalyzer] INFO: expecting argument with key: 1 and types: char[] | char@...
KOVYL [SemanticAnalyzer] INFO: getting argument with key: 1...
KOVYL [SemanticAnalyzer] INFO: argument found for key: 1
KOVYL [SemanticAnalyzer] INFO: argument '1' has correct type: char[1]
KOVYL [SemanticAnalyzer] INFO: exiting SpecialStatement
KOVYL [SemanticAnalyzer] INFO: exiting BlockStatement
KOVYL [SemanticAnalyzer] INFO: Scope popped (2 -> 1)
KOVYL [SemanticAnalyzer] INFO: exiting BranchingStatement
KOVYL [SemanticAnalyzer] INFO: visiting DeclarationStatement
KOVYL [SemanticAnalyzer] INFO: Expected context type is set as: T
KOVYL [SemanticAnalyzer] INFO: visiting IndexExpression
KOVYL [SemanticAnalyzer] INFO: Expected context type is set as: T[]
KOVYL [SemanticAnalyzer] INFO: visiting IdentifierExpression
KOVYL [SemanticAnalyzer] INFO: checking symbol existence: vec -> true
KOVYL [SemanticAnalyzer] INFO: got symbol: vec of type T@ at the depth of the scope: 1 (current: 1)
KOVYL [SemanticAnalyzer] INFO: Return type is set as: T@
KOVYL [SemanticAnalyzer] INFO: exiting IdentifierExpression
KOVYL [SemanticAnalyzer] INFO: Expected context type revert to: T
KOVYL [SemanticAnalyzer] INFO: visiting IdentifierExpression
KOVYL [SemanticAnalyzer] INFO: checking symbol existence: size -> true
KOVYL [SemanticAnalyzer] INFO: got symbol: size of type int64 at the depth of the scope: 1 (current: 1)
KOVYL [SemanticAnalyzer] INFO: Return type is set as: int64
KOVYL [SemanticAnalyzer] INFO: exiting IdentifierExpression
KOVYL [SemanticAnalyzer] INFO: Return type is set as: T
KOVYL [SemanticAnalyzer] INFO: exiting IndexExpression
KOVYL [SemanticAnalyzer] INFO: Expected context type revert to: undefined
KOVYL [SemanticAnalyzer] INFO: checking symbol existence in current scope: result -> false
KOVYL [SemanticAnalyzer] INFO: Symbol created: result of type T at the depth of the scope: 1
KOVYL [SemanticAnalyzer] INFO: exiting DeclarationStatement
KOVYL [SemanticAnalyzer] INFO: visiting SpecialStatement
KOVYL [SemanticAnalyzer] INFO: Semantic analysis of skResize special
KOVYL [SemanticAnalyzer] INFO: checking for unexpected arguments in special
KOVYL [SemanticAnalyzer] INFO: getting argument with key: 0...
KOVYL [SemanticAnalyzer] INFO: argument found for key: 0
KOVYL [SemanticAnalyzer] INFO: getting argument with key: 1...
KOVYL [SemanticAnalyzer] INFO: argument found for key: 1
KOVYL [SemanticAnalyzer] INFO: visiting IdentifierExpression
KOVYL [SemanticAnalyzer] INFO: checking symbol existence: vec -> true
KOVYL [SemanticAnalyzer] INFO: got symbol: vec of type T@ at the depth of the scope: 1 (current: 1)
KOVYL [SemanticAnalyzer] INFO: Return type is set as: T@
KOVYL [SemanticAnalyzer] INFO: exiting IdentifierExpression
KOVYL [SemanticAnalyzer] INFO: visiting BinaryExpression
KOVYL [SemanticAnalyzer] INFO: attempt to coerce types
KOVYL [SemanticAnalyzer] INFO: Expected context type is set as: undefined
KOVYL [SemanticAnalyzer] INFO: visiting IdentifierExpression
KOVYL [SemanticAnalyzer] INFO: checking symbol existence: size -> true
KOVYL [SemanticAnalyzer] INFO: got symbol: size of type int64 at the depth of the scope: 1 (current: 1)
KOVYL [SemanticAnalyzer] INFO: Return type is set as: int64
KOVYL [SemanticAnalyzer] INFO: exiting IdentifierExpression
KOVYL [SemanticAnalyzer] INFO: Expected context type revert to: undefined
KOVYL [SemanticAnalyzer] INFO: Expected context type is set as: int64
KOVYL [SemanticAnalyzer] INFO: visiting NumberExpression
KOVYL [SemanticAnalyzer] INFO: Return type is set as: int64
KOVYL [SemanticAnalyzer] INFO: exiting NumberExpression
KOVYL [SemanticAnalyzer] INFO: Expected context type revert to: undefined
KOVYL [SemanticAnalyzer] INFO: Return type is set as: int64
KOVYL [SemanticAnalyzer] INFO: exiting BinaryExpression
KOVYL [SemanticAnalyzer] INFO: expecting argument with key: 1 and types: int64...
KOVYL [SemanticAnalyzer] INFO: getting argument with key: 1...
KOVYL [SemanticAnalyzer] INFO: argument found for key: 1
KOVYL [SemanticAnalyzer] INFO: argument '1' has correct type: int64
KOVYL [SemanticAnalyzer] INFO: exiting SpecialStatement
KOVYL [SemanticAnalyzer] INFO: visiting ReturnStatement
KOVYL [SemanticAnalyzer] INFO: Checking func level -> 1
KOVYL [SemanticAnalyzer] INFO: Expected context type is set as: T
KOVYL [SemanticAnalyzer] INFO: visiting IdentifierExpression
KOVYL [SemanticAnalyzer] INFO: checking symbol existence: result -> true
KOVYL [SemanticAnalyzer] INFO: got symbol: result of type T at the depth of the scope: 1 (current: 1)
KOVYL [SemanticAnalyzer] INFO: Return type is set as: T
KOVYL [SemanticAnalyzer] INFO: exiting IdentifierExpression
KOVYL [SemanticAnalyzer] INFO: Expected context type revert to: undefined
KOVYL [SemanticAnalyzer] INFO: exiting ReturnStatement
KOVYL [SemanticAnalyzer] INFO: exiting BlockStatement
KOVYL [SemanticAnalyzer] INFO: Symbol removed: vec
KOVYL [SemanticAnalyzer] INFO: Symbol removed: size
KOVYL [SemanticAnalyzer] INFO: Symbol removed: result
KOVYL [SemanticAnalyzer] INFO: Scope popped (1 -> 0)
KOVYL [SemanticAnalyzer] INFO: exiting FuncStatement
KOVYL [SemanticAnalyzer] INFO: checking symbol existence in current scope: pop -> true
KOVYL [SemanticAnalyzer] INFO: exiting FormStatement
KOVYL [SemanticAnalyzer] INFO: visiting DeclarationStatement
KOVYL [SemanticAnalyzer] INFO: Expected context type is set as: T@
KOVYL [SemanticAnalyzer] INFO: visiting SpecialExpression
KOVYL [SemanticAnalyzer] INFO: Semantic analysis of skVec special
KOVYL [SemanticAnalyzer] INFO: checking for unexpected arguments in special
KOVYL [SemanticAnalyzer] INFO: getting argument with key: 0...
KOVYL [SemanticAnalyzer] INFO: argument found for key: 0
KOVYL [SemanticAnalyzer] INFO: Expected context type is set as: T[]
KOVYL [SemanticAnalyzer] INFO: visiting ArrayExpression
KOVYL [SemanticAnalyzer] INFO: Expected context type is set as: undefined
KOVYL [SemanticAnalyzer] INFO: visiting NumberExpression
KOVYL [SemanticAnalyzer] INFO: Return type is set as: int64
KOVYL [SemanticAnalyzer] INFO: exiting NumberExpression
KOVYL [SemanticAnalyzer] INFO: Expected context type revert to: T[]
KOVYL [SemanticAnalyzer] INFO: type was derived from the array elements as int64
KOVYL [SemanticAnalyzer] INFO: visiting ArrayExpression values...
KOVYL [SemanticAnalyzer] INFO: Expected context type is set as: int64
KOVYL [SemanticAnalyzer] INFO: visiting NumberExpression
KOVYL [SemanticAnalyzer] INFO: Return type is set as: int64
KOVYL [SemanticAnalyzer] INFO: exiting NumberExpression
KOVYL [SemanticAnalyzer] INFO: Expected context type revert to: T[]
KOVYL [SemanticAnalyzer] INFO: Expected context type is set as: int64
KOVYL [SemanticAnalyzer] INFO: visiting NumberExpression
KOVYL [SemanticAnalyzer] INFO: Return type is set as: int64
KOVYL [SemanticAnalyzer] INFO: exiting NumberExpression
KOVYL [SemanticAnalyzer] INFO: Expected context type revert to: T[]
KOVYL [SemanticAnalyzer] INFO: Expected context type is set as: int64
KOVYL [SemanticAnalyzer] INFO: visiting NumberExpression
KOVYL [SemanticAnalyzer] INFO: Return type is set as: int64
KOVYL [SemanticAnalyzer] INFO: exiting NumberExpression
KOVYL [SemanticAnalyzer] INFO: Expected context type revert to: T[]
KOVYL [SemanticAnalyzer] INFO: Return type is set as: int64[3]
KOVYL [SemanticAnalyzer] INFO: exiting ArrayExpression
KOVYL [SemanticAnalyzer] INFO: Expected context type revert to: T@
KOVYL [SemanticAnalyzer] INFO: expecting argument with key: 0 and types: T[]...
KOVYL [SemanticAnalyzer] INFO: getting argument with key: 0...
KOVYL [SemanticAnalyzer] INFO: argument found for key: 0
KOVYL [SemanticAnalyzer] INFO: argument '0' has correct type: int64[3]
KOVYL [SemanticAnalyzer] INFO: Return type is set as: T@
KOVYL [SemanticAnalyzer] INFO: exiting SpecialExpression
KOVYL [SemanticAnalyzer] INFO: Expected context type revert to: undefined
KOVYL [SemanticAnalyzer] INFO: checking symbol existence in current scope: myVec -> false
KOVYL [SemanticAnalyzer] INFO: Symbol created: myVec of type T@ at the depth of the scope: 0
KOVYL [SemanticAnalyzer] INFO: exiting DeclarationStatement
KOVYL [SemanticAnalyzer] INFO: visiting DeclarationStatement
KOVYL [SemanticAnalyzer] INFO: Expected context type is set as: int64
KOVYL [SemanticAnalyzer] INFO: visiting CallExpression
KOVYL [SemanticAnalyzer] INFO: visiting InstanceExpression
KOVYL [SemanticAnalyzer] INFO: forms of pop was found in the table. Comparison
KOVYL [SemanticAnalyzer] INFO: - with pop<T>(T@) -> T
KOVYL [SemanticAnalyzer] INFO: suitable form has been found. Monomorphization...
KOVYL [SemanticAnalyzer] INFO: visiting FuncStatement
KOVYL [SemanticAnalyzer] INFO: Checking that all paths in the function 'pop' block end with the return expression
KOVYL [SemanticAnalyzer] INFO: ...true
KOVYL [SemanticAnalyzer] INFO: Checking function overloads...
KOVYL [SemanticAnalyzer] INFO: checking symbol existence: pop -> false
KOVYL [SemanticAnalyzer] INFO: New function type is set as: (T@) -> int64
KOVYL [SemanticAnalyzer] INFO: Symbol created: pop of type (T@) -> int64 at the depth of the scope: 0
KOVYL [SemanticAnalyzer] INFO: Scope pushed (0 -> 1)
KOVYL [SemanticAnalyzer] INFO: Symbol created: vec of type T@ at the depth of the scope: 1
KOVYL [SemanticAnalyzer] INFO: visiting BlockStatement
KOVYL [SemanticAnalyzer] INFO: visiting DeclarationStatement
KOVYL [SemanticAnalyzer] INFO: Expected context type is set as: int64
KOVYL [SemanticAnalyzer] INFO: visiting SpecialExpression
KOVYL [SemanticAnalyzer] INFO: Semantic analysis of skLen special
KOVYL [SemanticAnalyzer] INFO: checking for unexpected arguments in special
KOVYL [SemanticAnalyzer] INFO: getting argument with key: 0...
KOVYL [SemanticAnalyzer] INFO: argument found for key: 0
KOVYL [SemanticAnalyzer] INFO: visiting IdentifierExpression
KOVYL [SemanticAnalyzer] INFO: checking symbol existence: vec -> true
KOVYL [SemanticAnalyzer] INFO: got symbol: vec of type T@ at the depth of the scope: 1 (current: 1)
KOVYL [SemanticAnalyzer] INFO: Return type is set as: T@
KOVYL [SemanticAnalyzer] INFO: exiting IdentifierExpression
KOVYL [SemanticAnalyzer] INFO: expecting argument with key: 0 and types: T@ | T[]...
KOVYL [SemanticAnalyzer] INFO: getting argument with key: 0...
KOVYL [SemanticAnalyzer] INFO: argument found for key: 0
KOVYL [SemanticAnalyzer] INFO: argument '0' has correct type: T@
KOVYL [SemanticAnalyzer] INFO: Return type is set as: int64
KOVYL [SemanticAnalyzer] INFO: exiting SpecialExpression
KOVYL [SemanticAnalyzer] INFO: Expected context type revert to: int64
KOVYL [SemanticAnalyzer] INFO: checking symbol existence in current scope: size -> false
KOVYL [SemanticAnalyzer] INFO: Symbol created: size of type int64 at the depth of the scope: 1
KOVYL [SemanticAnalyzer] INFO: exiting DeclarationStatement
KOVYL [SemanticAnalyzer] INFO: visiting BranchingStatement
KOVYL [SemanticAnalyzer] INFO: Scope pushed (1 -> 2)
KOVYL [SemanticAnalyzer] INFO: Expected context type is set as: bool
KOVYL [SemanticAnalyzer] INFO: visiting BinaryExpression
KOVYL [SemanticAnalyzer] INFO: attempt to coerce types
KOVYL [SemanticAnalyzer] INFO: Expected context type is set as: bool
KOVYL [SemanticAnalyzer] INFO: visiting IdentifierExpression
KOVYL [SemanticAnalyzer] INFO: checking symbol existence: size -> true
KOVYL [SemanticAnalyzer] INFO: got symbol: size of type int64 at the depth of the scope: 1 (current: 2)
KOVYL [SemanticAnalyzer] INFO: Return type is set as: int64
KOVYL [SemanticAnalyzer] INFO: exiting IdentifierExpression
KOVYL [SemanticAnalyzer] INFO: Expected context type revert to: bool
KOVYL [SemanticAnalyzer] INFO: Expected context type is set as: int64
KOVYL [SemanticAnalyzer] INFO: visiting NumberExpression
KOVYL [SemanticAnalyzer] INFO: Return type is set as: int64
KOVYL [SemanticAnalyzer] INFO: exiting NumberExpression
KOVYL [SemanticAnalyzer] INFO: Expected context type revert to: bool
KOVYL [SemanticAnalyzer] INFO: Return type is set as: bool
KOVYL [SemanticAnalyzer] INFO: exiting BinaryExpression
KOVYL [SemanticAnalyzer] INFO: Expected context type revert to: int64
KOVYL [SemanticAnalyzer] INFO: visiting BlockStatement
KOVYL [SemanticAnalyzer] INFO: visiting SpecialStatement
KOVYL [SemanticAnalyzer] INFO: Semantic analysis of skPanic special
KOVYL [SemanticAnalyzer] INFO: checking for unexpected arguments in special
KOVYL [SemanticAnalyzer] INFO: getting argument with key: 0...
KOVYL [SemanticAnalyzer] INFO: argument found for key: 0
KOVYL [SemanticAnalyzer] INFO: getting argument with key: 1...
KOVYL [SemanticAnalyzer] INFO: argument found for key: 1
KOVYL [SemanticAnalyzer] INFO: Expected context type is set as: char[]
KOVYL [SemanticAnalyzer] INFO: visiting ArrayExpression
KOVYL [SemanticAnalyzer] INFO: Expected context type is set as: undefined
KOVYL [SemanticAnalyzer] INFO: Expected context type revert to: char[]
KOVYL [SemanticAnalyzer] INFO: type was derived from the array elements as char
KOVYL [SemanticAnalyzer] INFO: visiting ArrayExpression values...
KOVYL [SemanticAnalyzer] INFO: Expected context type is set as: char
KOVYL [SemanticAnalyzer] INFO: Expected context type revert to: char[]
KOVYL [SemanticAnalyzer] INFO: Expected context type is set as: char
KOVYL [SemanticAnalyzer] INFO: Expected context type revert to: char[]
KOVYL [SemanticAnalyzer] INFO: Expected context type is set as: char
KOVYL [SemanticAnalyzer] INFO: Expected context type revert to: char[]
KOVYL [SemanticAnalyzer] INFO: Expected context type is set as: char
KOVYL [SemanticAnalyzer] INFO: Expected context type revert to: char[]
KOVYL [SemanticAnalyzer] INFO: Expected context type is set as: char
KOVYL [SemanticAnalyzer] INFO: Expected context type revert to: char[]
KOVYL [SemanticAnalyzer] INFO: Expected context type is set as: char
KOVYL [SemanticAnalyzer] INFO: Expected context type revert to: char[]
KOVYL [SemanticAnalyzer] INFO: Expected context type is set as: char
KOVYL [SemanticAnalyzer] INFO: Expected context type revert to: char[]
KOVYL [SemanticAnalyzer] INFO: Expected context type is set as: char
KOVYL [SemanticAnalyzer] INFO: Expected context type revert to: char[]
KOVYL [SemanticAnalyzer] INFO: Expected context type is set as: char
KOVYL [SemanticAnalyzer] INFO: Expected context type revert to: char[]
KOVYL [SemanticAnalyzer] INFO: Expected context type is set as: char
KOVYL [SemanticAnalyzer] INFO: Expected context type revert to: char[]
KOVYL [SemanticAnalyzer] INFO: Expected context type is set as: char
KOVYL [SemanticAnalyzer] INFO: Expected context type revert to: char[]
KOVYL [SemanticAnalyzer] INFO: Expected context type is set as: char
KOVYL [SemanticAnalyzer] INFO: Expected context type revert to: char[]
KOVYL [SemanticAnalyzer] INFO: Return type is set as: char[12]
KOVYL [SemanticAnalyzer] INFO: exiting ArrayExpression
KOVYL [SemanticAnalyzer] INFO: Expected context type revert to: int64
KOVYL [SemanticAnalyzer] INFO: expecting argument with key: 0 and types: char[] | char@...
KOVYL [SemanticAnalyzer] INFO: getting argument with key: 0...
KOVYL [SemanticAnalyzer] INFO: argument found for key: 0
KOVYL [SemanticAnalyzer] INFO: argument '0' has correct type: char[12]
KOVYL [SemanticAnalyzer] INFO: Expected context type is set as: char[]
KOVYL [SemanticAnalyzer] INFO: visiting ArrayExpression
KOVYL [SemanticAnalyzer] INFO: Expected context type is set as: undefined
KOVYL [SemanticAnalyzer] INFO: Expected context type revert to: char[]
KOVYL [SemanticAnalyzer] INFO: type was derived from the array elements as char
KOVYL [SemanticAnalyzer] INFO: visiting ArrayExpression values...
KOVYL [SemanticAnalyzer] INFO: Expected context type is set as: char
KOVYL [SemanticAnalyzer] INFO: Expected context type revert to: char[]
KOVYL [SemanticAnalyzer] INFO: Return type is set as: char[1]
KOVYL [SemanticAnalyzer] INFO: exiting ArrayExpression
KOVYL [SemanticAnalyzer] INFO: Expected context type revert to: int64
KOVYL [SemanticAnalyzer] INFO: expecting argument with key: 1 and types: char[] | char@...
KOVYL [SemanticAnalyzer] INFO: getting argument with key: 1...
KOVYL [SemanticAnalyzer] INFO: argument found for key: 1
KOVYL [SemanticAnalyzer] INFO: argument '1' has correct type: char[1]
KOVYL [SemanticAnalyzer] INFO: exiting SpecialStatement
KOVYL [SemanticAnalyzer] INFO: exiting BlockStatement
KOVYL [SemanticAnalyzer] INFO: Scope popped (2 -> 1)
KOVYL [SemanticAnalyzer] INFO: exiting BranchingStatement
KOVYL [SemanticAnalyzer] INFO: visiting DeclarationStatement
KOVYL [SemanticAnalyzer] INFO: Expected context type is set as: int64
KOVYL [SemanticAnalyzer] INFO: visiting IndexExpression
KOVYL [SemanticAnalyzer] INFO: Expected context type is set as: T[]
KOVYL [SemanticAnalyzer] INFO: visiting IdentifierExpression
KOVYL [SemanticAnalyzer] INFO: checking symbol existence: vec -> true
KOVYL [SemanticAnalyzer] INFO: got symbol: vec of type T@ at the depth of the scope: 1 (current: 1)
KOVYL [SemanticAnalyzer] INFO: Return type is set as: T@
KOVYL [SemanticAnalyzer] INFO: exiting IdentifierExpression
KOVYL [SemanticAnalyzer] INFO: Expected context type revert to: int64
KOVYL [SemanticAnalyzer] INFO: visiting IdentifierExpression
KOVYL [SemanticAnalyzer] INFO: checking symbol existence: size -> true
KOVYL [SemanticAnalyzer] INFO: got symbol: size of type int64 at the depth of the scope: 1 (current: 1)
KOVYL [SemanticAnalyzer] INFO: Return type is set as: int64
KOVYL [SemanticAnalyzer] INFO: exiting IdentifierExpression
KOVYL [SemanticAnalyzer] INFO: Return type is set as: T
KOVYL [SemanticAnalyzer] INFO: exiting IndexExpression
KOVYL [SemanticAnalyzer] INFO: Expected context type revert to: int64
KOVYL [SemanticAnalyzer] INFO: checking symbol existence in current scope: result -> false
KOVYL [SemanticAnalyzer] INFO: Symbol created: result of type T at the depth of the scope: 1
KOVYL [SemanticAnalyzer] INFO: exiting DeclarationStatement
KOVYL [SemanticAnalyzer] INFO: visiting SpecialStatement
KOVYL [SemanticAnalyzer] INFO: Semantic analysis of skResize special
KOVYL [SemanticAnalyzer] INFO: checking for unexpected arguments in special
KOVYL [SemanticAnalyzer] INFO: getting argument with key: 0...
KOVYL [SemanticAnalyzer] INFO: argument found for key: 0
KOVYL [SemanticAnalyzer] INFO: getting argument with key: 1...
KOVYL [SemanticAnalyzer] INFO: argument found for key: 1
KOVYL [SemanticAnalyzer] INFO: visiting IdentifierExpression
KOVYL [SemanticAnalyzer] INFO: checking symbol existence: vec -> true
KOVYL [SemanticAnalyzer] INFO: got symbol: vec of type T@ at the depth of the scope: 1 (current: 1)
KOVYL [SemanticAnalyzer] INFO: Return type is set as: T@
KOVYL [SemanticAnalyzer] INFO: exiting IdentifierExpression
KOVYL [SemanticAnalyzer] INFO: visiting BinaryExpression
KOVYL [SemanticAnalyzer] INFO: attempt to coerce types
KOVYL [SemanticAnalyzer] INFO: Expected context type is set as: int64
KOVYL [SemanticAnalyzer] INFO: visiting IdentifierExpression
KOVYL [SemanticAnalyzer] INFO: checking symbol existence: size -> true
KOVYL [SemanticAnalyzer] INFO: got symbol: size of type int64 at the depth of the scope: 1 (current: 1)
KOVYL [SemanticAnalyzer] INFO: Return type is set as: int64
KOVYL [SemanticAnalyzer] INFO: exiting IdentifierExpression
KOVYL [SemanticAnalyzer] INFO: Expected context type revert to: int64
KOVYL [SemanticAnalyzer] INFO: Expected context type is set as: int64
KOVYL [SemanticAnalyzer] INFO: visiting NumberExpression
KOVYL [SemanticAnalyzer] INFO: Return type is set as: int64
KOVYL [SemanticAnalyzer] INFO: exiting NumberExpression
KOVYL [SemanticAnalyzer] INFO: Expected context type revert to: int64
KOVYL [SemanticAnalyzer] INFO: Return type is set as: int64
KOVYL [SemanticAnalyzer] INFO: exiting BinaryExpression
KOVYL [SemanticAnalyzer] INFO: expecting argument with key: 1 and types: int64...
KOVYL [SemanticAnalyzer] INFO: getting argument with key: 1...
KOVYL [SemanticAnalyzer] INFO: argument found for key: 1
KOVYL [SemanticAnalyzer] INFO: argument '1' has correct type: int64
KOVYL [SemanticAnalyzer] INFO: exiting SpecialStatement
KOVYL [SemanticAnalyzer] INFO: visiting ReturnStatement
KOVYL [SemanticAnalyzer] INFO: Checking func level -> 1
KOVYL [SemanticAnalyzer] INFO: Expected context type is set as: int64
KOVYL [SemanticAnalyzer] INFO: visiting IdentifierExpression
KOVYL [SemanticAnalyzer] INFO: checking symbol existence: result -> true
KOVYL [SemanticAnalyzer] INFO: got symbol: result of type T at the depth of the scope: 1 (current: 1)
KOVYL [SemanticAnalyzer] INFO: Return type is set as: T
KOVYL [SemanticAnalyzer] INFO: exiting IdentifierExpression
KOVYL [SemanticAnalyzer] INFO: Expected context type revert to: int64
KOVYL [SemanticAnalyzer] INFO: exiting ReturnStatement
KOVYL [SemanticAnalyzer] INFO: exiting BlockStatement
KOVYL [SemanticAnalyzer] INFO: Symbol removed: vec
KOVYL [SemanticAnalyzer] INFO: Symbol removed: size
KOVYL [SemanticAnalyzer] INFO: Symbol removed: result
KOVYL [SemanticAnalyzer] INFO: Scope popped (1 -> 0)
KOVYL [SemanticAnalyzer] INFO: exiting FuncStatement
KOVYL [SemanticAnalyzer] INFO: the function was successfully generated and cached: pop(T@) -> int64
KOVYL [SemanticAnalyzer] INFO: Return type is set as: (T@) -> int64
KOVYL [SemanticAnalyzer] INFO: exiting InstanceExpression
KOVYL [SemanticAnalyzer] INFO: checking node == first definded function...
KOVYL [SemanticAnalyzer] INFO: Expected context type is set as: T@
KOVYL [SemanticAnalyzer] INFO: visiting IdentifierExpression
KOVYL [SemanticAnalyzer] INFO: checking symbol existence: myVec -> true
KOVYL [SemanticAnalyzer] INFO: got symbol: myVec of type T@ at the depth of the scope: 0 (current: 0)
KOVYL [SemanticAnalyzer] INFO: Return type is set as: T@
KOVYL [SemanticAnalyzer] INFO: exiting IdentifierExpression
KOVYL [SemanticAnalyzer] INFO: Expected context type revert to: int64
KOVYL [SemanticAnalyzer] INFO: node is first definded function
KOVYL [SemanticAnalyzer] INFO: Return type is set as: int64
KOVYL [SemanticAnalyzer] INFO: exiting CallExpression
KOVYL [SemanticAnalyzer] INFO: Expected context type revert to: undefined
KOVYL [SemanticAnalyzer] INFO: checking symbol existence in current scope: last -> false
KOVYL [SemanticAnalyzer] INFO: Symbol created: last of type int64 at the depth of the scope: 0
KOVYL [SemanticAnalyzer] INFO: exiting DeclarationStatement
KOVYL [SemanticAnalyzer] INFO: exiting BlockStatement
